// Jest Snapshot v1, https://goo.gl/fbAQLP

exports[`BrowseEventCard renders correctly 1`] = `
ShallowWrapper {
  Symbol(enzyme.__root__): [Circular],
  Symbol(enzyme.__unrendered__): <WithStyles(BrowseEventCard)
    event={
      Object {
        "coords": Array [
          -24,
          153,
        ],
        "dateTime": "2018-09-07T14:12:15.112Z",
        "distance": 21,
        "id": "2",
        "image": "http://via.placeholder.com/100x100",
        "location": "Brisbane",
        "title": "title",
      }
    }
    onHoverEventCard={[Function]}
    overMarker="-1"
  />,
  Symbol(enzyme.__renderer__): Object {
    "batchedUpdates": [Function],
    "getNode": [Function],
    "render": [Function],
    "simulateError": [Function],
    "simulateEvent": [Function],
    "unmount": [Function],
  },
  Symbol(enzyme.__node__): Object {
    "instance": null,
    "key": undefined,
    "nodeType": "function",
    "props": Object {
      "classes": Object {
        "card": "BrowseEventCard-card-1",
        "cardDetails": "BrowseEventCard-cardDetails-3",
        "cardHover": "BrowseEventCard-cardHover-2",
        "cardMedia": "BrowseEventCard-cardMedia-4",
      },
      "event": Object {
        "coords": Array [
          -24,
          153,
        ],
        "dateTime": "2018-09-07T14:12:15.112Z",
        "distance": 21,
        "id": "2",
        "image": "http://via.placeholder.com/100x100",
        "location": "Brisbane",
        "title": "title",
      },
      "onHoverEventCard": [Function],
      "overMarker": "-1",
    },
    "ref": null,
    "rendered": null,
    "type": [Function],
  },
  Symbol(enzyme.__nodes__): Array [
    Object {
      "instance": null,
      "key": undefined,
      "nodeType": "function",
      "props": Object {
        "classes": Object {
          "card": "BrowseEventCard-card-1",
          "cardDetails": "BrowseEventCard-cardDetails-3",
          "cardHover": "BrowseEventCard-cardHover-2",
          "cardMedia": "BrowseEventCard-cardMedia-4",
        },
        "event": Object {
          "coords": Array [
            -24,
            153,
          ],
          "dateTime": "2018-09-07T14:12:15.112Z",
          "distance": 21,
          "id": "2",
          "image": "http://via.placeholder.com/100x100",
          "location": "Brisbane",
          "title": "title",
        },
        "onHoverEventCard": [Function],
        "overMarker": "-1",
      },
      "ref": null,
      "rendered": null,
      "type": [Function],
    },
  ],
  Symbol(enzyme.__options__): Object {
    "adapter": ReactSixteenAdapter {
      "options": Object {
        "enableComponentDidUpdateOnSetState": true,
        "lifecycles": Object {
          "componentDidUpdate": Object {
            "onSetState": true,
          },
          "getDerivedStateFromProps": true,
          "getSnapshotBeforeUpdate": true,
          "setState": Object {
            "skipsComponentDidUpdateOnNullish": true,
          },
        },
      },
    },
    "attachTo": undefined,
    "hydrateIn": undefined,
  },
}
`;
