// Jest Snapshot v1, https://goo.gl/fbAQLP

exports[`EventMarker renders correctly 1`] = `
ShallowWrapper {
  Symbol(enzyme.__root__): [Circular],
  Symbol(enzyme.__unrendered__): <EventMarker
    event={
      Object {
        "coords": Array [
          -24,
          153,
        ],
        "dateTime": "2018-09-07T14:12:15.112Z",
        "distance": 21,
        "id": "2",
        "image": "http://via.placeholder.com/100x100",
        "location": "Brisbane",
        "title": "title",
      }
    }
    onHoverMarker={[Function]}
  />,
  Symbol(enzyme.__renderer__): Object {
    "batchedUpdates": [Function],
    "getNode": [Function],
    "render": [Function],
    "simulateError": [Function],
    "simulateEvent": [Function],
    "unmount": [Function],
  },
  Symbol(enzyme.__node__): Object {
    "instance": null,
    "key": undefined,
    "nodeType": "class",
    "props": Object {
      "children": false,
      "id": "marker",
      "onClick": [Function],
      "onMouseOut": [Function],
      "onMouseOver": [Function],
      "position": Object {
        "lat": -24,
        "lng": 153,
      },
      "title": "title",
    },
    "ref": null,
    "rendered": false,
    "type": [Function],
  },
  Symbol(enzyme.__nodes__): Array [
    Object {
      "instance": null,
      "key": undefined,
      "nodeType": "class",
      "props": Object {
        "children": false,
        "id": "marker",
        "onClick": [Function],
        "onMouseOut": [Function],
        "onMouseOver": [Function],
        "position": Object {
          "lat": -24,
          "lng": 153,
        },
        "title": "title",
      },
      "ref": null,
      "rendered": false,
      "type": [Function],
    },
  ],
  Symbol(enzyme.__options__): Object {
    "adapter": ReactSixteenAdapter {
      "options": Object {
        "enableComponentDidUpdateOnSetState": true,
        "lifecycles": Object {
          "componentDidUpdate": Object {
            "onSetState": true,
          },
          "getDerivedStateFromProps": true,
          "getSnapshotBeforeUpdate": true,
          "setState": Object {
            "skipsComponentDidUpdateOnNullish": true,
          },
        },
      },
    },
    "attachTo": undefined,
    "hydrateIn": undefined,
  },
}
`;
